// Jest Snapshot v1, https://goo.gl/fbAQLP

exports[`Header renders correctly 1`] = `
{
  "asFragment": [Function],
  "baseElement": <body>
    <div>
      <div
        class="headerContainer"
        data-testid="header"
      >
        <h1
          class="name"
          id="name"
        >
          <a
            class="letter"
            data-testid="letter"
            href="/"
            style="background-color: rgb(217, 93, 93);"
          >
            L
          </a>
          <a
            class="letter"
            data-testid="letter"
            href="/"
            style="background-color: rgb(219, 133, 37);"
          >
            O
          </a>
          <a
            class="letter"
            data-testid="letter"
            href="/"
            style="background-color: rgb(232, 196, 60);"
          >
            O
          </a>
          <a
            class="letter"
            data-testid="letter"
            href="/"
            style="background-color: rgb(190, 214, 73);"
          >
            W
          </a>
          <a
            class="letter"
            data-testid="letter"
            href="/"
            style="background-color: rgb(158, 203, 219);"
          >
            I
          </a>
          <a
            class="letter"
            data-testid="letter"
            href="/"
            style="background-color: rgb(199, 113, 161);"
          >
            S
          </a>
        </h1>
        <nav
          class="navTabs"
        >
          <a
            class="buttonLink"
            data-testid="button"
            href="/testString"
          >
            testString
          </a>
        </nav>
      </div>
    </div>
  </body>,
  "container": <div>
    <div
      class="headerContainer"
      data-testid="header"
    >
      <h1
        class="name"
        id="name"
      >
        <a
          class="letter"
          data-testid="letter"
          href="/"
          style="background-color: rgb(217, 93, 93);"
        >
          L
        </a>
        <a
          class="letter"
          data-testid="letter"
          href="/"
          style="background-color: rgb(219, 133, 37);"
        >
          O
        </a>
        <a
          class="letter"
          data-testid="letter"
          href="/"
          style="background-color: rgb(232, 196, 60);"
        >
          O
        </a>
        <a
          class="letter"
          data-testid="letter"
          href="/"
          style="background-color: rgb(190, 214, 73);"
        >
          W
        </a>
        <a
          class="letter"
          data-testid="letter"
          href="/"
          style="background-color: rgb(158, 203, 219);"
        >
          I
        </a>
        <a
          class="letter"
          data-testid="letter"
          href="/"
          style="background-color: rgb(199, 113, 161);"
        >
          S
        </a>
      </h1>
      <nav
        class="navTabs"
      >
        <a
          class="buttonLink"
          data-testid="button"
          href="/testString"
        >
          testString
        </a>
      </nav>
    </div>
  </div>,
  "debug": [Function],
  "findAllByAltText": [Function],
  "findAllByDisplayValue": [Function],
  "findAllByLabelText": [Function],
  "findAllByPlaceholderText": [Function],
  "findAllByRole": [Function],
  "findAllByTestId": [Function],
  "findAllByText": [Function],
  "findAllByTitle": [Function],
  "findByAltText": [Function],
  "findByDisplayValue": [Function],
  "findByLabelText": [Function],
  "findByPlaceholderText": [Function],
  "findByRole": [Function],
  "findByTestId": [Function],
  "findByText": [Function],
  "findByTitle": [Function],
  "getAllByAltText": [Function],
  "getAllByDisplayValue": [Function],
  "getAllByLabelText": [Function],
  "getAllByPlaceholderText": [Function],
  "getAllByRole": [Function],
  "getAllByTestId": [Function],
  "getAllByText": [Function],
  "getAllByTitle": [Function],
  "getByAltText": [Function],
  "getByDisplayValue": [Function],
  "getByLabelText": [Function],
  "getByPlaceholderText": [Function],
  "getByRole": [Function],
  "getByTestId": [Function],
  "getByText": [Function],
  "getByTitle": [Function],
  "queryAllByAltText": [Function],
  "queryAllByDisplayValue": [Function],
  "queryAllByLabelText": [Function],
  "queryAllByPlaceholderText": [Function],
  "queryAllByRole": [Function],
  "queryAllByTestId": [Function],
  "queryAllByText": [Function],
  "queryAllByTitle": [Function],
  "queryByAltText": [Function],
  "queryByDisplayValue": [Function],
  "queryByLabelText": [Function],
  "queryByPlaceholderText": [Function],
  "queryByRole": [Function],
  "queryByTestId": [Function],
  "queryByText": [Function],
  "queryByTitle": [Function],
  "rerender": [Function],
  "unmount": [Function],
}
`;
